2026-04-12 10:53:21,437 INFO: Tight-binding calculation started at 2026-04-12 10:53:21.437048
2026-04-12 10:53:21,437 INFO: ===============================================================
2026-04-12 10:53:21,437 INFO: 
 { 'BZ': { 'filter': { 'args': {'nsides': 6, 'radius': 0.27100271},
                      'type': 'polygonfilter'},
          'kx_max': 0.3048780488,
          'kx_min': -0.3048780488,
          'ky_max': 0.3048780488,
          'ky_min': -0.3048780488,
          'kz_max': 0.0,
          'kz_min': 0.0,
          'nkx': 500,
          'nky': 500,
          'nkz': 1},
  'Field': { 'I_W__cm2': 50000000000.0,
             'chi': 1.5707963267948966,
             'ellip': 0,
             'env': { 'args': {'end': 1, 'start': 0, 'toff': 0.5, 'ton': 0.5},
                      'type': 'env_sin2'},
             'lambda': 3000,
             'phi': -1.5707963267948966,
             'type': 'polarizedHarmonicElectricField'},
  'calculation': {'ID': 'prueba', 'type': 'TBevolution_CMCP'},
  'crystal': { 'W90filename': '../Wannier90 data/grAA_tb.dat',
               'a': 2.46,
               'dim': 2,
               'name': 'graphene_bilayerAA',
               'threshold_hopping': 0.01},
  'evolver': { 'calculation': {'args': {'nt': 500}, 'type': 'rk_dipole'},
               'type': 'TBevolution_CMCP'},
  'time': {'nt': 32768, 'tfin': 8, 'tini': 0}}
2026-04-12 10:53:21,437 INFO: Constructing the BZ
2026-04-12 10:53:23,326 INFO: Constructing the TB crystal
2026-04-12 10:53:23,327 INFO: Read Wannier90 TB file: ../Wannier90 data/grAA_tb.dat
2026-04-12 10:53:23,330 INFO: Found 4 orbitals in each of 105 R-points
2026-04-12 10:53:23,330 INFO: Max. inter-site hopping=2.8355577 (absolute value)
2026-04-12 10:53:23,330 INFO: Filtering hoppings above 1.0% --> threshold=0.028355577 (absolute value)
2026-04-12 10:53:23,330 INFO: Keeping 13 R-points
2026-04-12 10:53:23,330 INFO: Constructing the temporal grid
2026-04-12 10:53:23,331 INFO: Constructing the Field
2026-04-12 10:53:23,339 INFO: Constructing the TB evolver
2026-04-12 10:53:27,631 INFO: Starting the calculation: rk_dipole
2026-04-12 10:54:04,549 INFO: elap. time 0:00:36.917863 	 rem. time 5:09:34.796859 step= 1/504
2026-04-12 10:54:36,671 INFO: elap. time 0:01:09.040737 	 rem. time 4:48:54.004828 step= 2/504
2026-04-12 10:55:08,514 INFO: elap. time 0:01:40.882891 	 rem. time 4:40:52.098920 step= 3/504
2026-04-12 10:55:40,299 INFO: elap. time 0:02:12.668504 	 rem. time 4:36:28.155431 step= 4/504
2026-04-12 10:56:12,116 INFO: elap. time 0:02:44.485780 	 rem. time 4:33:40.235811 step= 5/504
2026-04-12 10:56:44,161 INFO: elap. time 0:03:16.530048 	 rem. time 4:31:56.529284 step= 6/504
2026-04-12 10:57:16,098 INFO: elap. time 0:03:48.467230 	 rem. time 4:30:25.692451 step= 7/504
2026-04-12 10:57:47,764 INFO: elap. time 0:04:20.132941 	 rem. time 4:28:52.744643 step= 8/504
2026-04-12 10:58:19,486 INFO: elap. time 0:04:51.855783 	 rem. time 4:27:36.558127 step= 9/504
2026-04-12 10:58:51,398 INFO: elap. time 0:05:23.766986 	 rem. time 4:26:38.572054 step= 10/504
2026-04-12 10:59:23,380 INFO: elap. time 0:05:55.749413 	 rem. time 4:25:48.519828 step= 11/504
2026-04-12 10:59:55,158 INFO: elap. time 0:06:27.526936 	 rem. time 4:24:53.075833 step= 12/504
2026-04-12 11:00:27,000 INFO: elap. time 0:06:59.369542 	 rem. time 4:24:03.731663 step= 13/504
2026-04-12 11:00:58,840 INFO: elap. time 0:07:31.209466 	 rem. time 4:23:16.793837 step= 14/504
2026-04-12 11:01:30,753 INFO: elap. time 0:08:03.121983 	 rem. time 4:22:34.236219 step= 15/504
2026-04-12 11:02:02,583 INFO: elap. time 0:08:34.952615 	 rem. time 4:21:50.511064 step= 16/504
2026-04-12 11:02:34,445 INFO: elap. time 0:09:06.814515 	 rem. time 4:21:09.081266 step= 17/504
2026-04-12 11:03:06,183 INFO: elap. time 0:09:38.552295 	 rem. time 4:20:25.362373 step= 18/504
2026-04-12 11:03:38,237 INFO: elap. time 0:10:10.605938 	 rem. time 4:19:50.969749 step= 19/504
2026-04-12 11:04:10,208 INFO: elap. time 0:10:42.577764 	 rem. time 4:19:14.830499 step= 20/504
2026-04-12 11:04:42,171 INFO: elap. time 0:11:14.539967 	 rem. time 4:18:38.866753 step= 21/504
2026-04-12 11:05:14,302 INFO: elap. time 0:11:46.670856 	 rem. time 4:18:06.963616 step= 22/504
2026-04-12 11:05:46,178 INFO: elap. time 0:12:18.547053 	 rem. time 4:17:29.712740 step= 23/504
2026-04-12 11:06:17,928 INFO: elap. time 0:12:50.296871 	 rem. time 4:16:50.381435 step= 24/504
2026-04-12 11:06:49,881 INFO: elap. time 0:13:22.250199 	 rem. time 4:16:15.557037 step= 25/504
2026-04-12 11:07:21,845 INFO: elap. time 0:13:54.214782 	 rem. time 4:15:41.160488 step= 26/504
2026-04-12 11:07:53,578 INFO: elap. time 0:14:25.947373 	 rem. time 4:15:02.844348 step= 27/504
2026-04-12 11:08:25,282 INFO: elap. time 0:14:57.651691 	 rem. time 4:14:24.517679 step= 28/504
2026-04-12 11:08:57,270 INFO: elap. time 0:15:29.639570 	 rem. time 4:13:51.293631 step= 29/504
2026-04-12 11:09:29,082 INFO: elap. time 0:16:01.451361 	 rem. time 4:13:15.368974 step= 30/504
2026-04-12 11:10:01,011 INFO: elap. time 0:16:33.380733 	 rem. time 4:12:41.504242 step= 31/504
2026-04-12 11:10:33,025 INFO: elap. time 0:17:05.394258 	 rem. time 4:12:09.002108 step= 32/504
2026-04-12 11:11:04,947 INFO: elap. time 0:17:37.316208 	 rem. time 4:11:35.222165 step= 33/504
2026-04-12 11:11:36,998 INFO: elap. time 0:18:09.367246 	 rem. time 4:11:03.336501 step= 34/504
2026-04-12 11:12:08,898 INFO: elap. time 0:18:41.267432 	 rem. time 4:10:29.419369 step= 35/504
2026-04-12 11:12:40,837 INFO: elap. time 0:19:13.205950 	 rem. time 4:09:56.112752 step= 36/504
2026-04-12 11:13:12,808 INFO: elap. time 0:19:45.177736 	 rem. time 4:09:23.300118 step= 37/504
2026-04-12 11:13:53,725 INFO: elap. time 0:20:26.094642 	 rem. time 4:10:40.259745 step= 38/504
2026-04-12 11:14:27,050 INFO: elap. time 0:20:59.419285 	 rem. time 4:10:20.624322 step= 39/504
2026-04-12 11:14:59,138 INFO: elap. time 0:21:31.507434 	 rem. time 4:09:45.956841 step= 40/504
2026-04-12 11:15:31,396 INFO: elap. time 0:22:03.765075 	 rem. time 4:09:13.329765 step= 41/504
2026-04-12 11:16:03,573 INFO: elap. time 0:22:35.942362 	 rem. time 4:08:39.836122 step= 42/504
2026-04-12 11:16:35,757 INFO: elap. time 0:23:08.126770 	 rem. time 4:08:06.480076 step= 43/504
2026-04-12 11:17:07,842 INFO: elap. time 0:23:40.211376 	 rem. time 4:07:32.133579 step= 44/504
2026-04-12 11:17:40,017 INFO: elap. time 0:24:12.386704 	 rem. time 4:06:58.813260 step= 45/504
2026-04-12 11:18:12,162 INFO: elap. time 0:24:44.531236 	 rem. time 4:06:25.236014 step= 46/504
2026-04-12 11:18:44,342 INFO: elap. time 0:25:16.711504 	 rem. time 4:05:52.067307 step= 47/504
2026-04-12 11:19:16,461 INFO: elap. time 0:25:48.830595 	 rem. time 4:05:18.358438 step= 48/504
2026-04-12 11:19:48,368 INFO: elap. time 0:26:20.737587 	 rem. time 4:04:42.744354 step= 49/504
2026-04-12 11:20:20,396 INFO: elap. time 0:26:52.765455 	 rem. time 4:04:08.376451 step= 50/504
2026-04-12 11:20:52,525 INFO: elap. time 0:27:24.894099 	 rem. time 4:03:34.995716 step= 51/504
2026-04-12 11:21:24,509 INFO: elap. time 0:27:56.878348 	 rem. time 4:03:00.407621 step= 52/504
2026-04-12 11:21:56,672 INFO: elap. time 0:28:29.041558 	 rem. time 4:02:27.441117 step= 53/504
2026-04-12 11:22:28,767 INFO: elap. time 0:29:01.136507 	 rem. time 4:01:53.935345 step= 54/504
2026-04-12 11:23:00,869 INFO: elap. time 0:29:33.238550 	 rem. time 4:01:20.538807 step= 55/504
2026-04-12 11:23:33,252 INFO: elap. time 0:30:05.621250 	 rem. time 4:00:49.434446 step= 56/504
2026-04-12 11:24:05,161 INFO: elap. time 0:30:37.530184 	 rem. time 4:00:14.568760 step= 57/504
2026-04-12 11:24:37,232 INFO: elap. time 0:31:09.601229 	 rem. time 3:59:41.052001 step= 58/504
2026-04-12 11:25:09,120 INFO: elap. time 0:31:41.489521 	 rem. time 3:59:06.205420 step= 59/504
2026-04-12 11:25:41,084 INFO: elap. time 0:32:13.452995 	 rem. time 3:58:32.013975 step= 60/504
2026-04-12 11:26:13,075 INFO: elap. time 0:32:45.444324 	 rem. time 3:57:58.097938 step= 61/504
2026-04-12 11:26:45,347 INFO: elap. time 0:33:17.716651 	 rem. time 3:57:26.247849 step= 62/504
2026-04-12 11:27:17,586 INFO: elap. time 0:33:49.955580 	 rem. time 3:56:54.150501 step= 63/504
2026-04-12 11:27:49,508 INFO: elap. time 0:34:21.877010 	 rem. time 3:56:19.865236 step= 64/504
2026-04-12 11:28:21,392 INFO: elap. time 0:34:53.761426 	 rem. time 3:55:45.402639 step= 65/504
2026-04-12 11:28:53,482 INFO: elap. time 0:35:25.851696 	 rem. time 3:55:12.384722 step= 66/504
2026-04-12 11:29:25,440 INFO: elap. time 0:35:57.809673 	 rem. time 3:54:38.531352 step= 67/504
2026-04-12 11:29:57,567 INFO: elap. time 0:36:29.936466 	 rem. time 3:54:05.816490 step= 68/504
2026-04-12 11:30:29,663 INFO: elap. time 0:37:02.032300 	 rem. time 3:53:32.923425 step= 69/504
2026-04-12 11:31:01,738 INFO: elap. time 0:37:34.107532 	 rem. time 3:52:59.925373 step= 70/504
2026-04-12 11:31:34,168 INFO: elap. time 0:38:06.537133 	 rem. time 3:52:29.115158 step= 71/504
2026-04-12 11:32:06,154 INFO: elap. time 0:38:38.523441 	 rem. time 3:51:55.599347 step= 72/504
2026-04-12 11:32:38,386 INFO: elap. time 0:39:10.755699 	 rem. time 3:51:23.578022 step= 73/504
2026-04-12 11:33:10,507 INFO: elap. time 0:39:42.876581 	 rem. time 3:50:50.903604 step= 74/504
2026-04-12 11:33:42,495 INFO: elap. time 0:40:14.864541 	 rem. time 3:50:17.483388 step= 75/504
2026-04-12 11:34:14,620 INFO: elap. time 0:40:46.988991 	 rem. time 3:49:44.869765 step= 76/504
2026-04-12 11:34:46,680 INFO: elap. time 0:41:19.049428 	 rem. time 3:49:11.913747 step= 77/504
2026-04-12 11:35:18,895 INFO: elap. time 0:41:51.264317 	 rem. time 3:48:39.824522 step= 78/504
2026-04-12 11:35:50,768 INFO: elap. time 0:42:23.137235 	 rem. time 3:48:05.891793 step= 79/504
2026-04-12 11:36:22,618 INFO: elap. time 0:42:54.987222 	 rem. time 3:47:31.888984 step= 80/504
2026-04-12 11:36:54,906 INFO: elap. time 0:43:27.275778 	 rem. time 3:47:00.230387 step= 81/504
2026-04-12 11:37:27,007 INFO: elap. time 0:43:59.375903 	 rem. time 3:46:27.586380 step= 82/504
2026-04-12 11:37:59,151 INFO: elap. time 0:44:31.520574 	 rem. time 3:45:55.181502 step= 83/504
2026-04-12 11:38:31,297 INFO: elap. time 0:45:03.665940 	 rem. time 3:45:22.786290 step= 84/504
2026-04-12 11:39:03,202 INFO: elap. time 0:45:35.571335 	 rem. time 3:44:49.213657 step= 85/504
2026-04-12 11:39:35,418 INFO: elap. time 0:46:07.786916 	 rem. time 3:44:17.187942 step= 86/504
2026-04-12 11:40:07,303 INFO: elap. time 0:46:39.672605 	 rem. time 3:43:43.576128 step= 87/504
2026-04-12 11:40:39,390 INFO: elap. time 0:47:11.759219 	 rem. time 3:43:10.953693 step= 88/504
2026-04-12 11:41:11,508 INFO: elap. time 0:47:43.877041 	 rem. time 3:42:38.488863 step= 89/504
2026-04-12 11:41:43,478 INFO: elap. time 0:48:15.847763 	 rem. time 3:42:05.354858 step= 90/504
2026-04-12 11:42:15,551 INFO: elap. time 0:48:47.920764 	 rem. time 3:41:32.710771 step= 91/504
2026-04-12 11:42:47,794 INFO: elap. time 0:49:20.163023 	 rem. time 3:41:00.837326 step= 92/504
2026-04-12 11:43:19,897 INFO: elap. time 0:49:52.266456 	 rem. time 3:40:28.342227 step= 93/504
2026-04-12 11:43:51,813 INFO: elap. time 0:50:24.181804 	 rem. time 3:39:55.034813 step= 94/504
2026-04-12 11:44:23,623 INFO: elap. time 0:50:55.992749 	 rem. time 3:39:21.307074 step= 95/504
2026-04-12 11:44:55,776 INFO: elap. time 0:51:28.145254 	 rem. time 3:38:49.071385 step= 96/504
2026-04-12 11:45:27,758 INFO: elap. time 0:52:00.127205 	 rem. time 3:38:16.121545 step= 97/504
2026-04-12 11:45:59,611 INFO: elap. time 0:52:31.980365 	 rem. time 3:37:42.657716 step= 98/504
2026-04-12 11:46:31,630 INFO: elap. time 0:53:03.998959 	 rem. time 3:37:09.903432 step= 99/504
2026-04-12 11:47:03,559 INFO: elap. time 0:53:35.928114 	 rem. time 3:36:36.802405 step= 100/504
2026-04-12 11:47:35,771 INFO: elap. time 0:54:08.140336 	 rem. time 3:36:04.854436 step= 101/504
2026-04-12 11:48:07,750 INFO: elap. time 0:54:40.119380 	 rem. time 3:35:31.981974 step= 102/504
2026-04-12 11:48:39,870 INFO: elap. time 0:55:12.239188 	 rem. time 3:34:59.675070 step= 103/504
2026-04-12 11:49:11,996 INFO: elap. time 0:55:44.365149 	 rem. time 3:34:27.395437 step= 104/504
2026-04-12 11:49:43,953 INFO: elap. time 0:56:16.321913 	 rem. time 3:33:54.475560 step= 105/504
2026-04-12 11:50:16,019 INFO: elap. time 0:56:48.388123 	 rem. time 3:33:21.984938 step= 106/504
2026-04-12 11:50:48,047 INFO: elap. time 0:57:20.416447 	 rem. time 3:32:49.361635 step= 107/504
2026-04-12 11:51:20,101 INFO: elap. time 0:57:52.470754 	 rem. time 3:32:16.844651 step= 108/504
2026-04-12 11:51:52,062 INFO: elap. time 0:58:24.431680 	 rem. time 3:31:43.997640 step= 109/504
2026-04-12 11:52:23,913 INFO: elap. time 0:58:56.282726 	 rem. time 3:31:10.773027 step= 110/504
2026-04-12 11:52:56,211 INFO: elap. time 0:59:28.580566 	 rem. time 3:30:39.155618 step= 111/504
2026-04-12 11:53:28,373 INFO: elap. time 1:00:00.742337 	 rem. time 3:30:07.049647 step= 112/504
2026-04-12 11:54:00,470 INFO: elap. time 1:00:32.839494 	 rem. time 3:29:34.719031 step= 113/504
2026-04-12 11:54:32,799 INFO: elap. time 1:01:05.168685 	 rem. time 3:29:03.186597 step= 114/504
2026-04-12 11:55:04,867 INFO: elap. time 1:01:37.236595 	 rem. time 3:28:30.756178 step= 115/504
2026-04-12 11:55:37,263 INFO: elap. time 1:02:09.632052 	 rem. time 3:27:59.427990 step= 116/504
2026-04-12 11:56:09,212 INFO: elap. time 1:02:41.580792 	 rem. time 3:27:26.603425 step= 117/504
2026-04-12 11:56:41,517 INFO: elap. time 1:03:13.885983 	 rem. time 3:26:54.960140 step= 118/504
2026-04-12 11:57:13,681 INFO: elap. time 1:03:46.050419 	 rem. time 3:26:22.850186 step= 119/504
2026-04-12 11:57:45,545 INFO: elap. time 1:04:17.914064 	 rem. time 3:25:49.776445 step= 120/504
2026-04-12 11:58:17,464 INFO: elap. time 1:04:49.832984 	 rem. time 3:25:16.897729 step= 121/504
2026-04-12 11:58:49,440 INFO: elap. time 1:05:21.809149 	 rem. time 3:24:44.214055 step= 122/504
2026-04-12 11:59:21,508 INFO: elap. time 1:05:53.876959 	 rem. time 3:24:11.825864 step= 123/504
2026-04-12 11:59:53,480 INFO: elap. time 1:06:25.849455 	 rem. time 3:23:39.150644 step= 124/504
2026-04-12 12:00:25,463 INFO: elap. time 1:06:57.832032 	 rem. time 3:23:06.517243 step= 125/504
2026-04-12 12:00:57,655 INFO: elap. time 1:07:30.024464 	 rem. time 3:22:34.523968 step= 126/504
2026-04-12 12:01:29,595 INFO: elap. time 1:08:01.964677 	 rem. time 3:22:01.778571 step= 127/504
2026-04-12 12:02:01,669 INFO: elap. time 1:08:34.038105 	 rem. time 3:21:29.437214 step= 128/504
2026-04-12 12:02:33,824 INFO: elap. time 1:09:06.193515 	 rem. time 3:20:57.338421 step= 129/504
2026-04-12 12:03:05,745 INFO: elap. time 1:09:38.114748 	 rem. time 3:20:24.564799 step= 130/504
2026-04-12 12:03:38,043 INFO: elap. time 1:10:10.412580 	 rem. time 3:19:52.876890 step= 131/504
2026-04-12 12:04:10,051 INFO: elap. time 1:10:42.419823 	 rem. time 3:19:20.360500 step= 132/504
2026-04-12 12:04:42,068 INFO: elap. time 1:11:14.437304 	 rem. time 3:18:47.880339 step= 133/504
2026-04-12 12:05:14,174 INFO: elap. time 1:11:46.542831 	 rem. time 3:18:15.650284 step= 134/504
2026-04-12 12:05:46,174 INFO: elap. time 1:12:18.543277 	 rem. time 3:17:43.134746 step= 135/504
2026-04-12 12:06:18,303 INFO: elap. time 1:12:50.672462 	 rem. time 3:17:10.975266 step= 136/504
2026-04-12 12:06:50,433 INFO: elap. time 1:13:22.802498 	 rem. time 3:16:38.818507 step= 137/504
2026-04-12 12:07:22,373 INFO: elap. time 1:13:54.742460 	 rem. time 3:16:06.157839 step= 138/504
2026-04-12 12:07:54,240 INFO: elap. time 1:14:26.608809 	 rem. time 3:15:33.314163 step= 139/504
2026-04-12 12:08:26,089 INFO: elap. time 1:14:58.458752 	 rem. time 3:15:00.441780 step= 140/504
2026-04-12 12:08:58,365 INFO: elap. time 1:15:30.734721 	 rem. time 3:14:28.681108 step= 141/504
2026-04-12 12:09:30,359 INFO: elap. time 1:16:02.728519 	 rem. time 3:13:56.193567 step= 142/504
2026-04-12 12:10:02,411 INFO: elap. time 1:16:34.780034 	 rem. time 3:13:23.858690 step= 143/504
2026-04-12 12:10:34,648 INFO: elap. time 1:17:07.017152 	 rem. time 3:12:51.991935 step= 144/504
2026-04-12 12:11:06,711 INFO: elap. time 1:17:39.080098 	 rem. time 3:12:19.688680 step= 145/504
2026-04-12 12:11:39,068 INFO: elap. time 1:18:11.436885 	 rem. time 3:11:48.109510 step= 146/504
2026-04-12 12:12:10,977 INFO: elap. time 1:18:43.345917 	 rem. time 3:11:15.431933 step= 147/504
2026-04-12 12:12:42,996 INFO: elap. time 1:19:15.365183 	 rem. time 3:10:43.030001 step= 148/504
2026-04-12 12:13:15,137 INFO: elap. time 1:19:47.506640 	 rem. time 3:10:10.924449 step= 149/504
2026-04-12 12:13:47,012 INFO: elap. time 1:20:19.381158 	 rem. time 3:09:38.188193 step= 150/504
2026-04-12 12:14:18,999 INFO: elap. time 1:20:51.367859 	 rem. time 3:09:05.725710 step= 151/504
2026-04-12 12:14:51,123 INFO: elap. time 1:21:23.492517 	 rem. time 3:08:33.589092 step= 152/504
2026-04-12 12:15:23,151 INFO: elap. time 1:21:55.520635 	 rem. time 3:08:01.231068 step= 153/504
2026-04-12 12:15:55,134 INFO: elap. time 1:22:27.503377 	 rem. time 3:07:28.774161 step= 154/504
2026-04-12 12:16:27,251 INFO: elap. time 1:22:59.620058 	 rem. time 3:06:56.625072 step= 155/504
2026-04-12 12:16:59,590 INFO: elap. time 1:23:31.959156 	 rem. time 3:06:24.972756 step= 156/504
2026-04-12 12:17:31,643 INFO: elap. time 1:24:04.012536 	 rem. time 3:05:52.679946 step= 157/504
2026-04-12 12:18:03,504 INFO: elap. time 1:24:35.872960 	 rem. time 3:05:19.967452 step= 158/504
2026-04-12 12:18:35,609 INFO: elap. time 1:25:07.977933 	 rem. time 3:04:47.796512 step= 159/504
2026-04-12 12:19:07,437 INFO: elap. time 1:25:39.805974 	 rem. time 3:04:15.030754 step= 160/504
2026-04-12 12:19:39,634 INFO: elap. time 1:26:12.003594 	 rem. time 3:03:43.064324 step= 161/504
2026-04-12 12:20:11,793 INFO: elap. time 1:26:44.161867 	 rem. time 3:03:11.011943 step= 162/504
2026-04-12 12:20:43,869 INFO: elap. time 1:27:16.237942 	 rem. time 3:02:38.786232 step= 163/504
2026-04-12 12:21:15,913 INFO: elap. time 1:27:48.281902 	 rem. time 3:02:06.495738 step= 164/504
2026-04-12 12:21:48,009 INFO: elap. time 1:28:20.377923 	 rem. time 3:01:34.315238 step= 165/504
2026-04-12 12:22:20,182 INFO: elap. time 1:28:52.551609 	 rem. time 3:01:02.293958 step= 166/504
2026-04-12 12:22:52,350 INFO: elap. time 1:29:24.718879 	 rem. time 3:00:30.257900 step= 167/504
2026-04-12 12:23:24,314 INFO: elap. time 1:29:56.683677 	 rem. time 2:59:57.815170 step= 168/504
2026-04-12 12:23:56,300 INFO: elap. time 1:30:28.669702 	 rem. time 2:59:25.420190 step= 169/504
2026-04-12 12:24:28,107 INFO: elap. time 1:31:00.476489 	 rem. time 2:58:52.677724 step= 170/504
2026-04-12 12:25:00,584 INFO: elap. time 1:31:32.953422 	 rem. time 2:58:21.251767 step= 171/504
2026-04-12 12:25:32,714 INFO: elap. time 1:32:05.083232 	 rem. time 2:57:49.143283 step= 172/504
2026-04-12 12:26:04,646 INFO: elap. time 1:32:37.015167 	 rem. time 2:57:16.655799 step= 173/504
2026-04-12 12:26:36,838 INFO: elap. time 1:33:09.207780 	 rem. time 2:56:44.669297 step= 174/504
2026-04-12 12:27:08,933 INFO: elap. time 1:33:41.302445 	 rem. time 2:56:12.496220 step= 175/504
2026-04-12 12:27:41,198 INFO: elap. time 1:34:13.567649 	 rem. time 2:55:40.641991 step= 176/504
2026-04-12 12:28:13,193 INFO: elap. time 1:34:45.562446 	 rem. time 2:55:08.283342 step= 177/504
2026-04-12 12:28:45,384 INFO: elap. time 1:35:17.752812 	 rem. time 2:54:36.287110 step= 178/504
2026-04-12 12:29:17,391 INFO: elap. time 1:35:49.760616 	 rem. time 2:54:03.957100 step= 179/504
2026-04-12 12:29:49,372 INFO: elap. time 1:36:21.741688 	 rem. time 2:53:31.582533 step= 180/504
2026-04-12 12:30:21,229 INFO: elap. time 1:36:53.597940 	 rem. time 2:52:58.989471 step= 181/504
2026-04-12 12:30:53,362 INFO: elap. time 1:37:25.731022 	 rem. time 2:52:26.894495 step= 182/504
2026-04-12 12:31:25,630 INFO: elap. time 1:37:57.999389 	 rem. time 2:51:55.036506 step= 183/504
2026-04-12 12:31:57,729 INFO: elap. time 1:38:30.097837 	 rem. time 2:51:22.878419 step= 184/504
2026-04-12 12:32:29,781 INFO: elap. time 1:39:02.150686 	 rem. time 2:50:50.642314 step= 185/504
2026-04-12 12:33:02,045 INFO: elap. time 1:39:34.413894 	 rem. time 2:50:18.767982 step= 186/504
2026-04-12 12:33:34,142 INFO: elap. time 1:40:06.511120 	 rem. time 2:49:46.608000 step= 187/504
2026-04-12 12:34:05,902 INFO: elap. time 1:40:38.271507 	 rem. time 2:49:13.882258 step= 188/504
2026-04-12 12:34:37,962 INFO: elap. time 1:41:10.331404 	 rem. time 2:48:41.666136 step= 189/504
2026-04-12 12:35:09,852 INFO: elap. time 1:41:42.221097 	 rem. time 2:48:09.170250 step= 190/504
2026-04-12 12:35:41,932 INFO: elap. time 1:42:14.301238 	 rem. time 2:47:36.992944 step= 191/504
2026-04-12 12:36:13,817 INFO: elap. time 1:42:46.185909 	 rem. time 2:47:04.498871 step= 192/504
2026-04-12 12:36:46,009 INFO: elap. time 1:43:18.378714 	 rem. time 2:46:32.507861 step= 193/504
2026-04-12 12:37:18,199 INFO: elap. time 1:43:50.568347 	 rem. time 2:46:00.509699 step= 194/504
2026-04-12 12:37:50,246 INFO: elap. time 1:44:22.615670 	 rem. time 2:45:28.283967 step= 195/504
2026-04-12 12:38:22,409 INFO: elap. time 1:44:54.778428 	 rem. time 2:44:56.241533 step= 196/504
2026-04-12 12:38:54,639 INFO: elap. time 1:45:27.008314 	 rem. time 2:44:24.302537 step= 197/504
2026-04-12 12:39:26,630 INFO: elap. time 1:45:58.999650 	 rem. time 2:43:51.991767 step= 198/504
2026-04-12 12:39:58,634 INFO: elap. time 1:46:31.003249 	 rem. time 2:43:19.703011 step= 199/504
2026-04-12 12:40:30,649 INFO: elap. time 1:47:03.018228 	 rem. time 2:42:47.434412 step= 200/504
2026-04-12 12:41:02,914 INFO: elap. time 1:47:35.283448 	 rem. time 2:42:15.545738 step= 201/504
2026-04-12 12:41:35,120 INFO: elap. time 1:48:07.489202 	 rem. time 2:41:43.564390 step= 202/504
2026-04-12 12:42:07,086 INFO: elap. time 1:48:39.455235 	 rem. time 2:41:11.225219 step= 203/504
2026-04-12 12:42:39,092 INFO: elap. time 1:49:11.461239 	 rem. time 2:40:38.948515 step= 204/504
2026-04-12 12:43:11,051 INFO: elap. time 1:49:43.420020 	 rem. time 2:40:06.605544 step= 205/504
2026-04-12 12:43:43,116 INFO: elap. time 1:50:15.485170 	 rem. time 2:39:34.420248 step= 206/504
2026-04-12 12:44:14,998 INFO: elap. time 1:50:47.367271 	 rem. time 2:39:01.973354 step= 207/504
2026-04-12 12:44:47,275 INFO: elap. time 1:51:19.644705 	 rem. time 2:38:30.094744 step= 208/504
2026-04-12 12:45:19,244 INFO: elap. time 1:51:51.613271 	 rem. time 2:37:57.776149 step= 209/504
2026-04-12 12:45:51,267 INFO: elap. time 1:52:23.635948 	 rem. time 2:37:25.536680 step= 210/504
2026-04-12 12:46:23,349 INFO: elap. time 1:52:55.718088 	 rem. time 2:36:53.381878 step= 211/504
2026-04-12 12:46:55,478 INFO: elap. time 1:53:27.847277 	 rem. time 2:36:21.292594 step= 212/504
2026-04-12 12:47:27,690 INFO: elap. time 1:54:00.059275 	 rem. time 2:35:49.316123 step= 213/504
2026-04-12 12:47:59,853 INFO: elap. time 1:54:32.221793 	 rem. time 2:35:17.270366 step= 214/504
2026-04-12 12:48:31,933 INFO: elap. time 1:55:04.302330 	 rem. time 2:34:45.113273 step= 215/504
2026-04-12 12:49:04,046 INFO: elap. time 1:55:36.415386 	 rem. time 2:34:13.000268 step= 216/504
2026-04-12 12:49:36,025 INFO: elap. time 1:56:08.394067 	 rem. time 2:33:40.709455 step= 217/504
2026-04-12 12:50:07,902 INFO: elap. time 1:56:40.271576 	 rem. time 2:33:08.288712 step= 218/504
2026-04-12 12:50:39,862 INFO: elap. time 1:57:12.230910 	 rem. time 2:32:35.979466 step= 219/504
2026-04-12 12:51:11,867 INFO: elap. time 1:57:44.235951 	 rem. time 2:32:03.732432 step= 220/504
2026-04-12 12:51:44,068 INFO: elap. time 1:58:16.437637 	 rem. time 2:31:31.739524 step= 221/504
2026-04-12 12:52:16,118 INFO: elap. time 1:58:48.487209 	 rem. time 2:30:59.551415 step= 222/504
2026-04-12 12:52:48,363 INFO: elap. time 1:59:20.732414 	 rem. time 2:30:27.611185 step= 223/504
2026-04-12 12:53:20,350 INFO: elap. time 1:59:52.718814 	 rem. time 2:29:55.344566 step= 224/504
2026-04-12 12:53:52,572 INFO: elap. time 2:00:24.941020 	 rem. time 2:29:23.372982 step= 225/504
2026-04-12 12:54:24,767 INFO: elap. time 2:00:57.136512 	 rem. time 2:28:51.366304 step= 226/504
2026-04-12 12:54:57,111 INFO: elap. time 2:01:29.480452 	 rem. time 2:28:19.539198 step= 227/504
2026-04-12 12:55:29,278 INFO: elap. time 2:02:01.647371 	 rem. time 2:27:47.493162 step= 228/504
2026-04-12 12:56:01,206 INFO: elap. time 2:02:33.575577 	 rem. time 2:27:15.159263 step= 229/504
2026-04-12 12:56:33,202 INFO: elap. time 2:03:05.571381 	 rem. time 2:26:42.909461 step= 230/504
2026-04-12 12:57:05,370 INFO: elap. time 2:03:37.738939 	 rem. time 2:26:10.864944 step= 231/504
2026-04-12 12:57:37,477 INFO: elap. time 2:04:09.846103 	 rem. time 2:25:38.748522 step= 232/504
2026-04-12 12:58:09,493 INFO: elap. time 2:04:41.861930 	 rem. time 2:25:06.525893 step= 233/504
2026-04-12 12:58:41,517 INFO: elap. time 2:05:13.886568 	 rem. time 2:24:34.315203 step= 234/504
2026-04-12 12:59:13,412 INFO: elap. time 2:05:45.781672 	 rem. time 2:24:01.957747 step= 235/504
2026-04-12 12:59:45,459 INFO: elap. time 2:06:17.828603 	 rem. time 2:23:29.776709 step= 236/504
2026-04-12 13:00:17,282 INFO: elap. time 2:06:49.651031 	 rem. time 2:22:57.343752 step= 237/504
2026-04-12 13:00:49,414 INFO: elap. time 2:07:21.783304 	 rem. time 2:22:25.262403 step= 238/504
2026-04-12 13:01:21,551 INFO: elap. time 2:07:53.920413 	 rem. time 2:21:53.185993 step= 239/504
2026-04-12 13:01:53,740 INFO: elap. time 2:08:26.109298 	 rem. time 2:21:21.166060 step= 240/504
2026-04-12 13:02:25,930 INFO: elap. time 2:08:58.299232 	 rem. time 2:20:49.145871 step= 241/504
2026-04-12 13:02:58,200 INFO: elap. time 2:09:30.569724 	 rem. time 2:20:17.211541 step= 242/504
2026-04-12 13:03:30,389 INFO: elap. time 2:10:02.757944 	 rem. time 2:19:45.186030 step= 243/504
2026-04-12 13:04:02,482 INFO: elap. time 2:10:34.850800 	 rem. time 2:19:13.057514 step= 244/504
2026-04-12 13:04:34,513 INFO: elap. time 2:11:06.881928 	 rem. time 2:18:40.864000 step= 245/504
2026-04-12 13:05:06,844 INFO: elap. time 2:11:39.213531 	 rem. time 2:18:08.987107 step= 246/504
2026-04-12 13:05:38,981 INFO: elap. time 2:12:11.350146 	 rem. time 2:17:36.903540 step= 247/504
2026-04-12 13:06:11,137 INFO: elap. time 2:12:43.506681 	 rem. time 2:17:04.840120 step= 248/504
2026-04-12 13:06:43,209 INFO: elap. time 2:13:15.577948 	 rem. time 2:16:32.688582 step= 249/504
2026-04-12 13:07:15,195 INFO: elap. time 2:13:47.564647 	 rem. time 2:16:00.451718 step= 250/504
2026-04-12 13:07:47,321 INFO: elap. time 2:14:19.690621 	 rem. time 2:15:28.357308 step= 251/504
2026-04-12 13:08:19,253 INFO: elap. time 2:14:51.622308 	 rem. time 2:14:56.068254 step= 252/504
2026-04-12 13:08:51,418 INFO: elap. time 2:15:23.787398 	 rem. time 2:14:24.013711 step= 253/504
2026-04-12 13:09:23,424 INFO: elap. time 2:15:55.793591 	 rem. time 2:13:51.801816 step= 254/504
2026-04-12 13:09:55,465 INFO: elap. time 2:16:27.834242 	 rem. time 2:13:19.625202 step= 255/504
2026-04-12 13:10:27,559 INFO: elap. time 2:16:59.928140 	 rem. time 2:12:47.501260 step= 256/504
2026-04-12 13:10:59,752 INFO: elap. time 2:17:32.121260 	 rem. time 2:12:15.472967 step= 257/504
2026-04-12 13:11:32,085 INFO: elap. time 2:18:04.454698 	 rem. time 2:11:43.577264 step= 258/504
2026-04-12 13:12:04,230 INFO: elap. time 2:18:36.599447 	 rem. time 2:11:11.499590 step= 259/504
2026-04-12 13:12:36,180 INFO: elap. time 2:19:08.549042 	 rem. time 2:10:39.238151 step= 260/504
2026-04-12 13:13:08,430 INFO: elap. time 2:19:40.798960 	 rem. time 2:10:07.258872 step= 261/504
2026-04-12 13:13:40,445 INFO: elap. time 2:20:12.814094 	 rem. time 2:09:35.060542 step= 262/504
2026-04-12 13:14:12,423 INFO: elap. time 2:20:44.792412 	 rem. time 2:09:02.829849 step= 263/504
2026-04-12 13:14:44,480 INFO: elap. time 2:21:16.848924 	 rem. time 2:08:30.672194 step= 264/504
2026-04-12 13:15:16,377 INFO: elap. time 2:21:48.746186 	 rem. time 2:07:58.371595 step= 265/504
2026-04-12 13:15:48,501 INFO: elap. time 2:22:20.869912 	 rem. time 2:07:26.276771 step= 266/504
2026-04-12 13:16:20,479 INFO: elap. time 2:22:52.848178 	 rem. time 2:06:54.052539 step= 267/504
2026-04-12 13:16:52,592 INFO: elap. time 2:23:24.961210 	 rem. time 2:06:21.948887 step= 268/504
2026-04-12 13:17:24,842 INFO: elap. time 2:23:57.211347 	 rem. time 2:05:49.965012 step= 269/504
2026-04-12 13:17:57,013 INFO: elap. time 2:24:29.382044 	 rem. time 2:05:17.910275 step= 270/504
2026-04-12 13:18:28,991 INFO: elap. time 2:25:01.360284 	 rem. time 2:04:45.689114 step= 271/504
2026-04-12 13:19:01,151 INFO: elap. time 2:25:33.520637 	 rem. time 2:04:13.625163 step= 272/504
2026-04-12 13:19:33,262 INFO: elap. time 2:26:05.631313 	 rem. time 2:03:41.518448 step= 273/504
2026-04-12 13:20:05,250 INFO: elap. time 2:26:37.619597 	 rem. time 2:03:09.308903 step= 274/504
2026-04-12 13:20:37,294 INFO: elap. time 2:27:09.663590 	 rem. time 2:02:37.147386 step= 275/504
2026-04-12 13:21:09,237 INFO: elap. time 2:27:41.606639 	 rem. time 2:02:04.903281 step= 276/504
2026-04-12 13:21:41,325 INFO: elap. time 2:28:13.694545 	 rem. time 2:01:32.780131 step= 277/504
2026-04-12 13:22:13,195 INFO: elap. time 2:28:45.564257 	 rem. time 2:01:00.479747 step= 278/504
2026-04-12 13:22:45,521 INFO: elap. time 2:29:17.890599 	 rem. time 2:00:28.550925 step= 279/504
2026-04-12 13:23:17,588 INFO: elap. time 2:29:49.957732 	 rem. time 1:59:56.411769 step= 280/504
2026-04-12 13:23:49,865 INFO: elap. time 2:30:22.234235 	 rem. time 1:59:24.439384 step= 281/504
2026-04-12 13:24:21,805 INFO: elap. time 2:30:54.173996 	 rem. time 1:58:52.199581 step= 282/504
2026-04-12 13:24:53,983 INFO: elap. time 2:31:26.352482 	 rem. time 1:58:20.148441 step= 283/504
2026-04-12 13:25:26,239 INFO: elap. time 2:31:58.608012 	 rem. time 1:57:48.156124 step= 284/504
2026-04-12 13:25:58,313 INFO: elap. time 2:32:30.682637 	 rem. time 1:57:16.022860 step= 285/504
2026-04-12 13:26:30,778 INFO: elap. time 2:33:03.147239 	 rem. time 1:56:44.187450 step= 286/504
2026-04-12 13:27:02,809 INFO: elap. time 2:33:35.178189 	 rem. time 1:56:12.019563 step= 287/504
2026-04-12 13:27:34,919 INFO: elap. time 2:34:07.288420 	 rem. time 1:55:39.912127 step= 288/504
2026-04-12 13:28:06,923 INFO: elap. time 2:34:39.292340 	 rem. time 1:55:07.725530 step= 289/504
2026-04-12 13:28:39,049 INFO: elap. time 2:35:11.418539 	 rem. time 1:54:35.630485 step= 290/504
2026-04-12 13:29:11,187 INFO: elap. time 2:35:43.555790 	 rem. time 1:54:03.543321 step= 291/504
2026-04-12 13:29:43,322 INFO: elap. time 2:36:15.691085 	 rem. time 1:53:31.454392 step= 292/504
2026-04-12 13:30:15,339 INFO: elap. time 2:36:47.708485 	 rem. time 1:52:59.280191 step= 293/504
2026-04-12 13:30:47,472 INFO: elap. time 2:37:19.841278 	 rem. time 1:52:27.189535 step= 294/504
2026-04-12 13:31:19,622 INFO: elap. time 2:37:51.991388 	 rem. time 1:51:55.110870 step= 295/504
2026-04-12 13:31:51,688 INFO: elap. time 2:38:24.057389 	 rem. time 1:51:22.972579 step= 296/504
2026-04-12 13:32:23,778 INFO: elap. time 2:38:56.146837 	 rem. time 1:50:50.851127 step= 297/504
2026-04-12 13:32:56,036 INFO: elap. time 2:39:28.404985 	 rem. time 1:50:18.846587 step= 298/504
2026-04-12 13:33:28,125 INFO: elap. time 2:40:00.493944 	 rem. time 1:49:46.724273 step= 299/504
2026-04-12 13:34:00,061 INFO: elap. time 2:40:32.430270 	 rem. time 1:49:14.498321 step= 300/504
2026-04-12 13:34:31,958 INFO: elap. time 2:41:04.327718 	 rem. time 1:48:42.248054 step= 301/504
2026-04-12 13:35:04,123 INFO: elap. time 2:41:36.492677 	 rem. time 1:48:10.179179 step= 302/504
2026-04-12 13:35:36,132 INFO: elap. time 2:42:08.501667 	 rem. time 1:47:38.006134 step= 303/504
2026-04-12 13:36:08,078 INFO: elap. time 2:42:40.447630 	 rem. time 1:47:05.792673 step= 304/504
2026-04-12 13:36:40,138 INFO: elap. time 2:43:12.506956 	 rem. time 1:46:33.654983 step= 305/504
2026-04-12 13:37:12,136 INFO: elap. time 2:43:44.505291 	 rem. time 1:46:01.478313 step= 306/504
2026-04-12 13:37:44,281 INFO: elap. time 2:44:16.650063 	 rem. time 1:45:29.396838 step= 307/504
2026-04-12 13:38:16,257 INFO: elap. time 2:44:48.626285 	 rem. time 1:44:57.207618 step= 308/504
2026-04-12 13:38:48,261 INFO: elap. time 2:45:20.630033 	 rem. time 1:44:25.037159 step= 309/504
2026-04-12 13:39:30,975 INFO: elap. time 2:46:03.343972 	 rem. time 1:43:59.575066 step= 310/504
2026-04-12 13:40:04,166 INFO: elap. time 2:46:36.535094 	 rem. time 1:43:28.088131 step= 311/504
2026-04-12 13:40:37,303 INFO: elap. time 2:47:09.672650 	 rem. time 1:42:56.557284 step= 312/504
2026-04-12 13:41:10,626 INFO: elap. time 2:47:42.995376 	 rem. time 1:42:25.129248 step= 313/504
2026-04-12 13:41:43,951 INFO: elap. time 2:48:16.319918 	 rem. time 1:41:53.690244 step= 314/504
2026-04-12 13:42:17,002 INFO: elap. time 2:48:49.371320 	 rem. time 1:41:22.075263 step= 315/504
2026-04-12 13:42:50,306 INFO: elap. time 2:49:22.675396 	 rem. time 1:40:50.601627 step= 316/504
2026-04-12 13:43:23,375 INFO: elap. time 2:49:55.744709 	 rem. time 1:40:18.977852 step= 317/504
2026-04-12 13:43:56,274 INFO: elap. time 2:50:28.642922 	 rem. time 1:39:47.244834 step= 318/504
2026-04-12 13:44:28,637 INFO: elap. time 2:51:01.006130 	 rem. time 1:39:15.194009 step= 319/504
2026-04-12 13:45:00,891 INFO: elap. time 2:51:33.260556 	 rem. time 1:38:43.078635 step= 320/504
2026-04-12 13:45:33,101 INFO: elap. time 2:52:05.470466 	 rem. time 1:38:10.936996 step= 321/504
2026-04-12 13:46:05,253 INFO: elap. time 2:52:37.622162 	 rem. time 1:37:38.762005 step= 322/504
2026-04-12 13:46:37,323 INFO: elap. time 2:53:09.692734 	 rem. time 1:37:06.541665 step= 323/504
2026-04-12 13:47:09,573 INFO: elap. time 2:53:41.942032 	 rem. time 1:36:34.421617 step= 324/504
2026-04-12 13:47:41,763 INFO: elap. time 2:54:14.132163 	 rem. time 1:36:02.268161 step= 325/504
2026-04-12 13:48:13,800 INFO: elap. time 2:54:46.169564 	 rem. time 1:35:30.031023 step= 326/504
2026-04-12 13:48:46,050 INFO: elap. time 2:55:18.418871 	 rem. time 1:34:57.909898 step= 327/504
2026-04-12 13:49:18,026 INFO: elap. time 2:55:50.395378 	 rem. time 1:34:25.641495 step= 328/504
2026-04-12 13:49:50,108 INFO: elap. time 2:56:22.477604 	 rem. time 1:33:53.431145 step= 329/504
2026-04-12 13:50:22,080 INFO: elap. time 2:56:54.449700 	 rem. time 1:33:21.163457 step= 330/504
2026-04-12 13:50:54,438 INFO: elap. time 2:57:26.807124 	 rem. time 1:32:49.099111 step= 331/504
2026-04-12 13:51:26,629 INFO: elap. time 2:57:58.998774 	 rem. time 1:32:16.947047 step= 332/504
2026-04-12 13:51:58,704 INFO: elap. time 2:58:31.073498 	 rem. time 1:31:44.734654 step= 333/504
2026-04-12 13:52:30,891 INFO: elap. time 2:59:03.259789 	 rem. time 1:31:12.579918 step= 334/504
2026-04-12 13:53:03,083 INFO: elap. time 2:59:35.452575 	 rem. time 1:30:40.428271 step= 335/504
2026-04-12 13:53:35,438 INFO: elap. time 3:00:07.807676 	 rem. time 1:30:08.357605 step= 336/504
2026-04-12 13:54:07,547 INFO: elap. time 3:00:39.916454 	 rem. time 1:29:36.163084 step= 337/504
2026-04-12 13:54:39,818 INFO: elap. time 3:01:12.186915 	 rem. time 1:29:04.048543 step= 338/504
2026-04-12 13:55:11,813 INFO: elap. time 3:01:44.182289 	 rem. time 1:28:31.799078 step= 339/504
2026-04-12 13:55:43,806 INFO: elap. time 3:02:16.174824 	 rem. time 1:27:59.549737 step= 340/504
2026-04-12 13:56:15,974 INFO: elap. time 3:02:48.343007 	 rem. time 1:27:27.385935 step= 341/504
2026-04-12 13:56:48,112 INFO: elap. time 3:03:20.481145 	 rem. time 1:26:55.207863 step= 342/504
2026-04-12 13:57:19,928 INFO: elap. time 3:03:52.297482 	 rem. time 1:26:22.878844 step= 343/504
2026-04-12 13:57:51,959 INFO: elap. time 3:04:24.327970 	 rem. time 1:25:50.652497 step= 344/504
2026-04-12 13:58:23,806 INFO: elap. time 3:04:56.174999 	 rem. time 1:25:18.342662 step= 345/504
2026-04-12 13:58:55,995 INFO: elap. time 3:05:28.364694 	 rem. time 1:24:46.192116 step= 346/504
2026-04-12 13:59:28,362 INFO: elap. time 3:06:00.731005 	 rem. time 1:24:14.121325 step= 347/504
2026-04-12 14:00:00,484 INFO: elap. time 3:06:32.853731 	 rem. time 1:23:41.939545 step= 348/504
2026-04-12 14:00:32,592 INFO: elap. time 3:07:04.961189 	 rem. time 1:23:09.751317 step= 349/504
2026-04-12 14:01:04,845 INFO: elap. time 3:07:37.213898 	 rem. time 1:22:37.627519 step= 350/504
2026-04-12 14:01:37,068 INFO: elap. time 3:08:09.437295 	 rem. time 1:22:05.490197 step= 351/504
2026-04-12 14:02:09,083 INFO: elap. time 3:08:41.452649 	 rem. time 1:21:33.262467 step= 352/504
2026-04-12 14:02:41,182 INFO: elap. time 3:09:13.551032 	 rem. time 1:21:01.071490 step= 353/504
2026-04-12 14:03:13,171 INFO: elap. time 3:09:45.540051 	 rem. time 1:20:28.834653 step= 354/504
2026-04-12 14:03:45,189 INFO: elap. time 3:10:17.558340 	 rem. time 1:19:56.611508 step= 355/504
2026-04-12 14:04:17,222 INFO: elap. time 3:10:49.591338 	 rem. time 1:19:24.395635 step= 356/504
2026-04-12 14:04:49,585 INFO: elap. time 3:11:21.954697 	 rem. time 1:18:52.316946 step= 357/504
2026-04-12 14:05:21,585 INFO: elap. time 3:11:53.954396 	 rem. time 1:18:20.088217 step= 358/504
2026-04-12 14:05:53,642 INFO: elap. time 3:12:26.011769 	 rem. time 1:17:47.884081 step= 359/504
2026-04-12 14:06:25,456 INFO: elap. time 3:12:57.825131 	 rem. time 1:17:15.583062 step= 360/504
2026-04-12 14:06:57,663 INFO: elap. time 3:13:30.032306 	 rem. time 1:16:43.440894 step= 361/504
2026-04-12 14:07:29,645 INFO: elap. time 3:14:02.014776 	 rem. time 1:16:11.210137 step= 362/504
2026-04-12 14:08:01,818 INFO: elap. time 3:14:34.186975 	 rem. time 1:15:39.054516 step= 363/504
2026-04-12 14:08:33,832 INFO: elap. time 3:15:06.201375 	 rem. time 1:15:06.838053 step= 364/504
2026-04-12 14:09:05,977 INFO: elap. time 3:15:38.346087 	 rem. time 1:14:34.672371 step= 365/504
2026-04-12 14:09:38,366 INFO: elap. time 3:16:10.735683 	 rem. time 1:14:02.599231 step= 366/504
2026-04-12 14:10:10,391 INFO: elap. time 3:16:42.759841 	 rem. time 1:13:30.387811 step= 367/504
2026-04-12 14:10:42,581 INFO: elap. time 3:17:14.950245 	 rem. time 1:12:58.238910 step= 368/504
2026-04-12 14:11:14,710 INFO: elap. time 3:17:47.079341 	 rem. time 1:12:26.067331 step= 369/504
2026-04-12 14:11:47,006 INFO: elap. time 3:18:19.375035 	 rem. time 1:11:53.956380 step= 370/504
2026-04-12 14:12:19,026 INFO: elap. time 3:18:51.395048 	 rem. time 1:11:21.745501 step= 371/504
2026-04-12 14:12:51,177 INFO: elap. time 3:19:23.546257 	 rem. time 1:10:49.582250 step= 372/504
2026-04-12 14:13:23,243 INFO: elap. time 3:19:55.612651 	 rem. time 1:10:17.389245 step= 373/504
2026-04-12 14:13:55,099 INFO: elap. time 3:20:27.467820 	 rem. time 1:09:45.123418 step= 374/504
2026-04-12 14:14:27,082 INFO: elap. time 3:20:59.451017 	 rem. time 1:09:12.903870 step= 375/504
2026-04-12 14:14:59,265 INFO: elap. time 3:21:31.634680 	 rem. time 1:08:40.753897 step= 376/504
2026-04-12 14:15:31,246 INFO: elap. time 3:22:03.615315 	 rem. time 1:08:08.535277 step= 377/504
2026-04-12 14:16:03,286 INFO: elap. time 3:22:35.655215 	 rem. time 1:07:36.337692 step= 378/504
2026-04-12 14:16:35,267 INFO: elap. time 3:23:07.636586 	 rem. time 1:07:04.121615 step= 379/504
2026-04-12 14:17:07,259 INFO: elap. time 3:23:39.628561 	 rem. time 1:06:31.910237 step= 380/504
2026-04-12 14:17:39,405 INFO: elap. time 3:24:11.774196 	 rem. time 1:05:59.749674 step= 381/504
2026-04-12 14:18:11,204 INFO: elap. time 3:24:43.573218 	 rem. time 1:05:27.478364 step= 382/504
2026-04-12 14:18:43,296 INFO: elap. time 3:25:15.665103 	 rem. time 1:04:55.302150 step= 383/504
2026-04-12 14:19:15,387 INFO: elap. time 3:25:47.756373 	 rem. time 1:04:23.126183 step= 384/504
2026-04-12 14:19:47,619 INFO: elap. time 3:26:19.988295 	 rem. time 1:03:50.994180 step= 385/504
2026-04-12 14:20:19,696 INFO: elap. time 3:26:52.065444 	 rem. time 1:03:18.814290 step= 386/504
2026-04-12 14:20:51,735 INFO: elap. time 3:27:24.104769 	 rem. time 1:02:46.623483 step= 387/504
2026-04-12 14:21:23,802 INFO: elap. time 3:27:56.171443 	 rem. time 1:02:14.441642 step= 388/504
2026-04-12 14:21:55,772 INFO: elap. time 3:28:28.141287 	 rem. time 1:01:42.231734 step= 389/504
2026-04-12 14:22:27,693 INFO: elap. time 3:29:00.062326 	 rem. time 1:01:10.008773 step= 390/504
2026-04-12 14:22:59,966 INFO: elap. time 3:29:32.334858 	 rem. time 1:00:37.889063 step= 391/504
2026-04-12 14:23:32,026 INFO: elap. time 3:30:04.395420 	 rem. time 1:00:05.707936 step= 392/504
2026-04-12 14:24:03,845 INFO: elap. time 3:30:36.214718 	 rem. time 0:59:33.459195 step= 393/504
2026-04-12 14:24:35,726 INFO: elap. time 3:31:08.094972 	 rem. time 0:59:01.229672 step= 394/504
2026-04-12 14:25:07,711 INFO: elap. time 3:31:40.080470 	 rem. time 0:58:29.030997 step= 395/504
2026-04-12 14:25:39,778 INFO: elap. time 3:32:12.147663 	 rem. time 0:57:56.855708 step= 396/504
2026-04-12 14:26:11,872 INFO: elap. time 3:32:44.240848 	 rem. time 0:57:24.687978 step= 397/504
2026-04-12 14:26:43,983 INFO: elap. time 3:33:16.352094 	 rem. time 0:56:52.525439 step= 398/504
2026-04-12 14:27:15,902 INFO: elap. time 3:33:48.271543 	 rem. time 0:56:20.312617 step= 399/504
2026-04-12 14:27:48,001 INFO: elap. time 3:34:20.370321 	 rem. time 0:55:48.147950 step= 400/504
2026-04-12 14:28:19,964 INFO: elap. time 3:34:52.333367 	 rem. time 0:55:15.948701 step= 401/504
2026-04-12 14:28:52,192 INFO: elap. time 3:35:24.561197 	 rem. time 0:54:43.817902 step= 402/504
2026-04-12 14:29:24,406 INFO: elap. time 3:35:56.774969 	 rem. time 0:54:11.683094 step= 403/504
2026-04-12 14:29:56,265 INFO: elap. time 3:36:28.634397 	 rem. time 0:53:39.460064 step= 404/504
2026-04-12 14:30:28,253 INFO: elap. time 3:37:00.622538 	 rem. time 0:53:07.270338 step= 405/504
2026-04-12 14:31:00,637 INFO: elap. time 3:37:33.005852 	 rem. time 0:52:35.177125 step= 406/504
2026-04-12 14:31:32,747 INFO: elap. time 3:38:05.116361 	 rem. time 0:52:03.017377 step= 407/504
2026-04-12 14:32:04,751 INFO: elap. time 3:38:37.120016 	 rem. time 0:51:30.832692 step= 408/504
2026-04-12 14:32:36,693 INFO: elap. time 3:39:09.061897 	 rem. time 0:50:58.634522 step= 409/504
2026-04-12 14:33:08,828 INFO: elap. time 3:39:41.197427 	 rem. time 0:50:26.482066 step= 410/504
2026-04-12 14:33:40,986 INFO: elap. time 3:40:13.355132 	 rem. time 0:49:54.334717 step= 411/504
2026-04-12 14:34:12,903 INFO: elap. time 3:40:45.272694 	 rem. time 0:49:22.133613 step= 412/504
2026-04-12 14:34:45,120 INFO: elap. time 3:41:17.488868 	 rem. time 0:48:49.999779 step= 413/504
2026-04-12 14:35:17,126 INFO: elap. time 3:41:49.495174 	 rem. time 0:48:17.819852 step= 414/504
2026-04-12 14:35:49,157 INFO: elap. time 3:42:21.526722 	 rem. time 0:47:45.646185 step= 415/504
2026-04-12 14:36:21,251 INFO: elap. time 3:42:53.620368 	 rem. time 0:47:13.486357 step= 416/504
2026-04-12 14:36:53,286 INFO: elap. time 3:43:25.655729 	 rem. time 0:46:41.314667 step= 417/504
2026-04-12 14:37:25,345 INFO: elap. time 3:43:57.714362 	 rem. time 0:46:09.148425 step= 418/504
2026-04-12 14:37:57,305 INFO: elap. time 3:44:29.673841 	 rem. time 0:45:36.962550 step= 419/504
2026-04-12 14:38:29,124 INFO: elap. time 3:45:01.492964 	 rem. time 0:45:04.749634 step= 420/504
2026-04-12 14:39:01,426 INFO: elap. time 3:45:33.795772 	 rem. time 0:44:32.634107 step= 421/504
2026-04-12 14:39:33,552 INFO: elap. time 3:46:05.921151 	 rem. time 0:44:00.483158 step= 422/504
2026-04-12 14:40:05,485 INFO: elap. time 3:46:37.854533 	 rem. time 0:43:28.295501 step= 423/504
2026-04-12 14:40:37,363 INFO: elap. time 3:47:09.732593 	 rem. time 0:42:56.098588 step= 424/504
2026-04-12 14:41:09,431 INFO: elap. time 3:47:41.800351 	 rem. time 0:42:23.938498 step= 425/504
2026-04-12 14:41:41,597 INFO: elap. time 3:48:13.966327 	 rem. time 0:41:51.796857 step= 426/504
2026-04-12 14:42:13,550 INFO: elap. time 3:48:45.919441 	 rem. time 0:41:19.616648 step= 427/504
2026-04-12 14:42:45,739 INFO: elap. time 3:49:18.108681 	 rem. time 0:40:47.479506 step= 428/504
2026-04-12 14:43:17,781 INFO: elap. time 3:49:50.150695 	 rem. time 0:40:15.316335 step= 429/504
2026-04-12 14:43:49,947 INFO: elap. time 3:50:22.316011 	 rem. time 0:39:43.174986 step= 430/504
2026-04-12 14:44:22,036 INFO: elap. time 3:50:54.405715 	 rem. time 0:39:11.020695 step= 431/504
2026-04-12 14:44:54,432 INFO: elap. time 3:51:26.800938 	 rem. time 0:38:38.917721 step= 432/504
2026-04-12 14:45:26,515 INFO: elap. time 3:51:58.884544 	 rem. time 0:38:06.762200 step= 433/504
2026-04-12 14:45:58,429 INFO: elap. time 3:52:30.798066 	 rem. time 0:37:34.579524 step= 434/504
2026-04-12 14:46:30,301 INFO: elap. time 3:53:02.670252 	 rem. time 0:37:02.391516 step= 435/504
2026-04-12 14:47:02,566 INFO: elap. time 3:53:34.935313 	 rem. time 0:36:30.266355 step= 436/504
2026-04-12 14:47:34,534 INFO: elap. time 3:54:06.902851 	 rem. time 0:35:58.094844 step= 437/504
2026-04-12 14:48:06,500 INFO: elap. time 3:54:38.869658 	 rem. time 0:35:25.924154 step= 438/504
2026-04-12 14:48:38,352 INFO: elap. time 3:55:10.721345 	 rem. time 0:34:53.737311 step= 439/504
2026-04-12 14:49:10,381 INFO: elap. time 3:55:42.750076 	 rem. time 0:34:21.577800 step= 440/504
2026-04-12 14:49:42,611 INFO: elap. time 3:56:14.980522 	 rem. time 0:33:49.447761 step= 441/504
2026-04-12 14:50:14,566 INFO: elap. time 3:56:46.935630 	 rem. time 0:33:17.278559 step= 442/504
2026-04-12 14:50:46,584 INFO: elap. time 3:57:18.953142 	 rem. time 0:32:45.118937 step= 443/504
2026-04-12 14:51:18,591 INFO: elap. time 3:57:50.960239 	 rem. time 0:32:12.958544 step= 444/504
2026-04-12 14:51:50,678 INFO: elap. time 3:58:23.047487 	 rem. time 0:31:40.809491 step= 445/504
2026-04-12 14:52:22,694 INFO: elap. time 3:58:55.063648 	 rem. time 0:31:08.651450 step= 446/504
2026-04-12 14:52:54,973 INFO: elap. time 3:59:27.342727 	 rem. time 0:30:36.527651 step= 447/504
2026-04-12 14:53:27,848 INFO: elap. time 4:00:00.217292 	 rem. time 0:30:04.477778 step= 448/504
2026-04-12 14:54:10,988 INFO: elap. time 4:00:43.356912 	 rem. time 0:29:33.684810 step= 449/504
2026-04-12 14:54:44,537 INFO: elap. time 4:01:16.905882 	 rem. time 0:29:01.683138 step= 450/504
2026-04-12 14:55:17,836 INFO: elap. time 4:01:50.205504 	 rem. time 0:28:29.645226 step= 451/504
2026-04-12 14:55:51,176 INFO: elap. time 4:02:23.545768 	 rem. time 0:27:57.606420 step= 452/504
2026-04-12 14:56:24,247 INFO: elap. time 4:02:56.616496 	 rem. time 0:27:25.531439 step= 453/504
2026-04-12 14:56:57,352 INFO: elap. time 4:03:29.721537 	 rem. time 0:26:53.455862 step= 454/504
2026-04-12 14:57:30,521 INFO: elap. time 4:04:02.890532 	 rem. time 0:26:21.382666 step= 455/504
2026-04-12 14:58:03,851 INFO: elap. time 4:04:36.220026 	 rem. time 0:25:49.321608 step= 456/504
2026-04-12 14:58:36,577 INFO: elap. time 4:05:08.945883 	 rem. time 0:25:17.192735 step= 457/504
2026-04-12 14:59:08,855 INFO: elap. time 4:05:41.223987 	 rem. time 0:24:45.016148 step= 458/504
2026-04-12 14:59:40,930 INFO: elap. time 4:06:13.299679 	 rem. time 0:24:12.819214 step= 459/504
2026-04-12 15:00:13,167 INFO: elap. time 4:06:45.536612 	 rem. time 0:23:40.638279 step= 460/504
2026-04-12 15:00:45,479 INFO: elap. time 4:07:17.848219 	 rem. time 0:23:08.464088 step= 461/504
2026-04-12 15:01:17,652 INFO: elap. time 4:07:50.021174 	 rem. time 0:22:36.276657 step= 462/504
2026-04-12 15:01:49,971 INFO: elap. time 4:08:22.340298 	 rem. time 0:22:04.102275 step= 463/504
2026-04-12 15:02:22,063 INFO: elap. time 4:08:54.432659 	 rem. time 0:21:31.907653 step= 464/504
2026-04-12 15:02:54,312 INFO: elap. time 4:09:26.680895 	 rem. time 0:20:59.726590 step= 465/504
2026-04-12 15:03:26,482 INFO: elap. time 4:09:58.851595 	 rem. time 0:20:27.538894 step= 466/504
2026-04-12 15:03:58,685 INFO: elap. time 4:10:31.054013 	 rem. time 0:19:55.353793 step= 467/504
2026-04-12 15:04:30,833 INFO: elap. time 4:11:03.202699 	 rem. time 0:19:23.164469 step= 468/504
2026-04-12 15:05:03,125 INFO: elap. time 4:11:35.494612 	 rem. time 0:18:50.986049 step= 469/504
2026-04-12 15:05:35,063 INFO: elap. time 4:12:07.432503 	 rem. time 0:18:18.781431 step= 470/504
2026-04-12 15:06:07,474 INFO: elap. time 4:12:39.843014 	 rem. time 0:17:46.611199 step= 471/504
2026-04-12 15:06:39,546 INFO: elap. time 4:13:11.915081 	 rem. time 0:17:14.416904 step= 472/504
2026-04-12 15:07:11,634 INFO: elap. time 4:13:44.003271 	 rem. time 0:16:42.224187 step= 473/504
2026-04-12 15:07:43,596 INFO: elap. time 4:14:15.964950 	 rem. time 0:16:10.023867 step= 474/504
2026-04-12 15:08:15,617 INFO: elap. time 4:14:47.986517 	 rem. time 0:15:37.828226 step= 475/504
2026-04-12 15:08:47,785 INFO: elap. time 4:15:20.154306 	 rem. time 0:15:05.641959 step= 476/504
2026-04-12 15:09:19,826 INFO: elap. time 4:15:52.195643 	 rem. time 0:14:33.448577 step= 477/504
2026-04-12 15:09:51,895 INFO: elap. time 4:16:24.264654 	 rem. time 0:14:01.257343 step= 478/504
2026-04-12 15:10:23,852 INFO: elap. time 4:16:56.221327 	 rem. time 0:13:29.060724 step= 479/504
2026-04-12 15:10:55,986 INFO: elap. time 4:17:28.355656 	 rem. time 0:12:56.874039 step= 480/504
2026-04-12 15:11:28,069 INFO: elap. time 4:18:00.437911 	 rem. time 0:12:24.685067 step= 481/504
2026-04-12 15:12:00,173 INFO: elap. time 4:18:32.542310 	 rem. time 0:11:52.497555 step= 482/504
2026-04-12 15:12:32,166 INFO: elap. time 4:19:04.535064 	 rem. time 0:11:20.305500 step= 483/504
2026-04-12 15:13:04,343 INFO: elap. time 4:19:36.712585 	 rem. time 0:10:48.121957 step= 484/504
2026-04-12 15:13:36,264 INFO: elap. time 4:20:08.633058 	 rem. time 0:10:15.928296 step= 485/504
2026-04-12 15:14:08,422 INFO: elap. time 4:20:40.790909 	 rem. time 0:09:43.744618 step= 486/504
2026-04-12 15:14:40,427 INFO: elap. time 4:21:12.795919 	 rem. time 0:09:11.555667 step= 487/504
2026-04-12 15:15:12,624 INFO: elap. time 4:21:44.993112 	 rem. time 0:08:39.373826 step= 488/504
2026-04-12 15:15:44,420 INFO: elap. time 4:22:16.789620 	 rem. time 0:08:07.179518 step= 489/504
2026-04-12 15:16:16,442 INFO: elap. time 4:22:48.811470 	 rem. time 0:07:34.993336 step= 490/504
2026-04-12 15:16:48,622 INFO: elap. time 4:23:20.991281 	 rem. time 0:07:02.812049 step= 491/504
2026-04-12 15:17:20,508 INFO: elap. time 4:23:52.877418 	 rem. time 0:06:30.623524 step= 492/504
2026-04-12 15:17:52,589 INFO: elap. time 4:24:24.958218 	 rem. time 0:05:58.440623 step= 493/504
2026-04-12 15:18:24,436 INFO: elap. time 4:24:56.804843 	 rem. time 0:05:26.253329 step= 494/504
2026-04-12 15:18:56,426 INFO: elap. time 4:25:28.795113 	 rem. time 0:04:54.070064 step= 495/504
2026-04-12 15:19:28,497 INFO: elap. time 4:26:00.866742 	 rem. time 0:04:21.888911 step= 496/504
2026-04-12 15:20:00,578 INFO: elap. time 4:26:32.947649 	 rem. time 0:03:49.708333 step= 497/504
2026-04-12 15:20:32,493 INFO: elap. time 4:27:04.862277 	 rem. time 0:03:17.526106 step= 498/504
2026-04-12 15:21:04,686 INFO: elap. time 4:27:37.055751 	 rem. time 0:02:45.347822 step= 499/504
2026-04-12 15:21:36,773 INFO: elap. time 4:28:09.141835 	 rem. time 0:02:13.168589 step= 500/504
2026-04-12 15:22:09,074 INFO: elap. time 4:28:41.442958 	 rem. time 0:01:40.991075 step= 501/504
2026-04-12 15:22:41,201 INFO: elap. time 4:29:13.570428 	 rem. time 0:01:08.812329 step= 502/504
2026-04-12 15:23:13,431 INFO: elap. time 4:29:45.800579 	 rem. time 0:00:36.634019 step= 503/504
2026-04-12 15:23:45,567 INFO: Calculation finished. Writing to graphene_bilayerAA_prueba_rk_dipole.txt
